// Jest Snapshot v1, https://goo.gl/fbAQLP

exports[`should render ExpenseList with expenses 1`] = `
<div>
  <ExpenseListItem
    amount={1}
    createdAt={0}
    description="Gum"
    id="1"
    key="1"
    note=""
  />
  <ExpenseListItem
    amount={2}
    createdAt={-345600000}
    description="duck"
    id="2"
    key="2"
    note=""
  />
  <ExpenseListItem
    amount={3}
    createdAt={345600000}
    description="Check"
    id="3"
    key="3"
    note=""
  />
</div>
`;

exports[`should render ExpenseList with no items, only p tag 1`] = `
<p>
  No list to render
</p>
`;
